  Determining projects to restore...
  All projects are up-to-date for restore.
C:\Users\USER\.nuget\packages\xamarin.googleplayservices.basement\118.3.0.2\buildTransitive\net8.0-android34.0\Xamarin.GooglePlayServices.Basement.targets(71,3): warning : Failed to find client_info in google-services.json matching package name: com.mycompany.ridemate [C:\Users\USER\source\repos\RideMate\RideMate\RideMate.csproj::TargetFramework=net9.0-android]
C:\Users\USER\source\repos\RideMate\RideMate\Services\OtpService.cs(4,18): error CS0101: The namespace 'RideMate.Services' already contains a definition for 'OtpService' [C:\Users\USER\source\repos\RideMate\RideMate\RideMate.csproj::TargetFramework=net9.0-maccatalyst]
C:\Users\USER\source\repos\RideMate\RideMate\Services\OtpService.cs(10,23): error CS0111: Type 'OtpService' already defines a member called 'SendOTP' with the same parameter types [C:\Users\USER\source\repos\RideMate\RideMate\RideMate.csproj::TargetFramework=net9.0-maccatalyst]
C:\Users\USER\source\repos\RideMate\RideMate\Services\OtpService.cs(24,21): error CS0111: Type 'OtpService' already defines a member called 'VerifyOTP' with the same parameter types [C:\Users\USER\source\repos\RideMate\RideMate\RideMate.csproj::TargetFramework=net9.0-maccatalyst]
C:\Users\USER\source\repos\RideMate\RideMate\Services\OtpService.cs(37,23): error CS0111: Type 'OtpService' already defines a member called 'GetOTP' with the same parameter types [C:\Users\USER\source\repos\RideMate\RideMate\RideMate.csproj::TargetFramework=net9.0-maccatalyst]
C:\Users\USER\source\repos\RideMate\RideMate\Services\OtpService.cs(4,18): error CS0101: The namespace 'RideMate.Services' already contains a definition for 'OtpService' [C:\Users\USER\source\repos\RideMate\RideMate\RideMate.csproj::TargetFramework=net9.0-windows10.0.19041.0]
C:\Users\USER\source\repos\RideMate\RideMate\Services\OtpService.cs(10,23): error CS0111: Type 'OtpService' already defines a member called 'SendOTP' with the same parameter types [C:\Users\USER\source\repos\RideMate\RideMate\RideMate.csproj::TargetFramework=net9.0-windows10.0.19041.0]
C:\Users\USER\source\repos\RideMate\RideMate\Services\OtpService.cs(24,21): error CS0111: Type 'OtpService' already defines a member called 'VerifyOTP' with the same parameter types [C:\Users\USER\source\repos\RideMate\RideMate\RideMate.csproj::TargetFramework=net9.0-windows10.0.19041.0]
C:\Users\USER\source\repos\RideMate\RideMate\Services\OtpService.cs(37,23): error CS0111: Type 'OtpService' already defines a member called 'GetOTP' with the same parameter types [C:\Users\USER\source\repos\RideMate\RideMate\RideMate.csproj::TargetFramework=net9.0-windows10.0.19041.0]
C:\Users\USER\source\repos\RideMate\RideMate\Services\OtpService.cs(4,18): error CS0101: The namespace 'RideMate.Services' already contains a definition for 'OtpService' [C:\Users\USER\source\repos\RideMate\RideMate\RideMate.csproj::TargetFramework=net9.0-android]
C:\Users\USER\source\repos\RideMate\RideMate\Services\OtpService.cs(10,23): error CS0111: Type 'OtpService' already defines a member called 'SendOTP' with the same parameter types [C:\Users\USER\source\repos\RideMate\RideMate\RideMate.csproj::TargetFramework=net9.0-android]
C:\Users\USER\source\repos\RideMate\RideMate\Services\OtpService.cs(24,21): error CS0111: Type 'OtpService' already defines a member called 'VerifyOTP' with the same parameter types [C:\Users\USER\source\repos\RideMate\RideMate\RideMate.csproj::TargetFramework=net9.0-android]
C:\Users\USER\source\repos\RideMate\RideMate\Services\OtpService.cs(37,23): error CS0111: Type 'OtpService' already defines a member called 'GetOTP' with the same parameter types [C:\Users\USER\source\repos\RideMate\RideMate\RideMate.csproj::TargetFramework=net9.0-android]
C:\Users\USER\source\repos\RideMate\RideMate\Platforms\Android\MainActivity.cs(19,33): warning CS8765: Nullability of type of parameter 'savedInstanceState' doesn't match overridden member (possibly because of nullability attributes). [C:\Users\USER\source\repos\RideMate\RideMate\RideMate.csproj::TargetFramework=net9.0-android]

Build FAILED.

C:\Users\USER\.nuget\packages\xamarin.googleplayservices.basement\118.3.0.2\buildTransitive\net8.0-android34.0\Xamarin.GooglePlayServices.Basement.targets(71,3): warning : Failed to find client_info in google-services.json matching package name: com.mycompany.ridemate [C:\Users\USER\source\repos\RideMate\RideMate\RideMate.csproj::TargetFramework=net9.0-android]
C:\Users\USER\source\repos\RideMate\RideMate\Platforms\Android\MainActivity.cs(19,33): warning CS8765: Nullability of type of parameter 'savedInstanceState' doesn't match overridden member (possibly because of nullability attributes). [C:\Users\USER\source\repos\RideMate\RideMate\RideMate.csproj::TargetFramework=net9.0-android]
C:\Users\USER\source\repos\RideMate\RideMate\Services\OtpService.cs(4,18): error CS0101: The namespace 'RideMate.Services' already contains a definition for 'OtpService' [C:\Users\USER\source\repos\RideMate\RideMate\RideMate.csproj::TargetFramework=net9.0-maccatalyst]
C:\Users\USER\source\repos\RideMate\RideMate\Services\OtpService.cs(10,23): error CS0111: Type 'OtpService' already defines a member called 'SendOTP' with the same parameter types [C:\Users\USER\source\repos\RideMate\RideMate\RideMate.csproj::TargetFramework=net9.0-maccatalyst]
C:\Users\USER\source\repos\RideMate\RideMate\Services\OtpService.cs(24,21): error CS0111: Type 'OtpService' already defines a member called 'VerifyOTP' with the same parameter types [C:\Users\USER\source\repos\RideMate\RideMate\RideMate.csproj::TargetFramework=net9.0-maccatalyst]
C:\Users\USER\source\repos\RideMate\RideMate\Services\OtpService.cs(37,23): error CS0111: Type 'OtpService' already defines a member called 'GetOTP' with the same parameter types [C:\Users\USER\source\repos\RideMate\RideMate\RideMate.csproj::TargetFramework=net9.0-maccatalyst]
C:\Users\USER\source\repos\RideMate\RideMate\Services\OtpService.cs(4,18): error CS0101: The namespace 'RideMate.Services' already contains a definition for 'OtpService' [C:\Users\USER\source\repos\RideMate\RideMate\RideMate.csproj::TargetFramework=net9.0-windows10.0.19041.0]
C:\Users\USER\source\repos\RideMate\RideMate\Services\OtpService.cs(10,23): error CS0111: Type 'OtpService' already defines a member called 'SendOTP' with the same parameter types [C:\Users\USER\source\repos\RideMate\RideMate\RideMate.csproj::TargetFramework=net9.0-windows10.0.19041.0]
C:\Users\USER\source\repos\RideMate\RideMate\Services\OtpService.cs(24,21): error CS0111: Type 'OtpService' already defines a member called 'VerifyOTP' with the same parameter types [C:\Users\USER\source\repos\RideMate\RideMate\RideMate.csproj::TargetFramework=net9.0-windows10.0.19041.0]
C:\Users\USER\source\repos\RideMate\RideMate\Services\OtpService.cs(37,23): error CS0111: Type 'OtpService' already defines a member called 'GetOTP' with the same parameter types [C:\Users\USER\source\repos\RideMate\RideMate\RideMate.csproj::TargetFramework=net9.0-windows10.0.19041.0]
C:\Users\USER\source\repos\RideMate\RideMate\Services\OtpService.cs(4,18): error CS0101: The namespace 'RideMate.Services' already contains a definition for 'OtpService' [C:\Users\USER\source\repos\RideMate\RideMate\RideMate.csproj::TargetFramework=net9.0-android]
C:\Users\USER\source\repos\RideMate\RideMate\Services\OtpService.cs(10,23): error CS0111: Type 'OtpService' already defines a member called 'SendOTP' with the same parameter types [C:\Users\USER\source\repos\RideMate\RideMate\RideMate.csproj::TargetFramework=net9.0-android]
C:\Users\USER\source\repos\RideMate\RideMate\Services\OtpService.cs(24,21): error CS0111: Type 'OtpService' already defines a member called 'VerifyOTP' with the same parameter types [C:\Users\USER\source\repos\RideMate\RideMate\RideMate.csproj::TargetFramework=net9.0-android]
C:\Users\USER\source\repos\RideMate\RideMate\Services\OtpService.cs(37,23): error CS0111: Type 'OtpService' already defines a member called 'GetOTP' with the same parameter types [C:\Users\USER\source\repos\RideMate\RideMate\RideMate.csproj::TargetFramework=net9.0-android]
    2 Warning(s)
    12 Error(s)

Time Elapsed 00:00:29.38

Workload updates are available. Run `dotnet workload list` for more information.
